
> nexus@0.1.0 build
> next build

   Γû▓ Next.js 15.5.14
   - Environments: .env.local

   Creating an optimized production build ...
node.exe : Failed to 
compile.
At C:\Program 
Files\nodejs\npm.ps1:29 
char:3
+   & $NODE_EXE 
$NPM_CLI_JS $args
+   ~~~~~~~~~~~~~~~~~~~~
~~~~~~~~~
    + CategoryInfo      
        : NotSpecified  
  : (Failed to compil   
 e.:String) [], Remo    
teException
    + FullyQualifiedErr 
   orId : NativeComman  
  dError
 

./src/app/dashboard/task
s/page.tsx
Error:   [31mx[0m 
Expression expected
      
,-[[36;1;4mF:\Final 
Mentor Mentee\nexus\src\
app\dashboard\tasks\page
.tsx[0m:1952:1]
 [2m1949[0m |         
        )}
 [2m1950[0m |         
    </AnimatePresence>
 [2m1951[0m |         
</div>
 [2m1952[0m |         
</>
      : [35;1m         
 ^[0m
 [2m1953[0m |     );
 [2m1954[0m | }
 [2m1954[0m | 
      `----
  [31mx[0m Expression 
expected
      
,-[[36;1;4mF:\Final 
Mentor Mentee\nexus\src\
app\dashboard\tasks\page
.tsx[0m:1953:1]
 [2m1950[0m |         
    </AnimatePresence>
 [2m1951[0m |         
</div>
 [2m1952[0m |         
</>
 [2m1953[0m |     );
      : [35;1m    ^[0m
 [2m1954[0m | }
 [2m1955[0m | 
 [2m1955[0m | 
      `----

Caused by:
    Syntax Error

Import trace for 
requested module:
./src/app/dashboard/task
s/page.tsx


> Build failed because 
of webpack errors
