
> nexus@0.1.0 build
> next build

   Γû▓ Next.js 15.1.9
   - Environments: .env.local

   Creating an optimized production build ...
