src/app/dashboard/leaves/page.tsx(155,44): error TS2345: Argument of type '{ title: string; message: string; }' is not assignable to parameter of type 'string'.
src/app/dashboard/sessions/page.tsx(22,37): error TS2304: Cannot find name 'useState'.
src/app/dashboard/sessions/page.tsx(25,35): error TS2304: Cannot find name 'useState'.
src/app/dashboard/sessions/page.tsx(28,49): error TS2304: Cannot find name 'useState'.
src/app/dashboard/sessions/page.tsx(31,5): error TS2304: Cannot find name 'useEffect'.
src/app/dashboard/sessions/page.tsx(40,43): error TS2304: Cannot find name 'useState'.
src/app/dashboard/sessions/page.tsx(41,39): error TS2304: Cannot find name 'useState'.
src/app/dashboard/sessions/page.tsx(42,49): error TS2304: Cannot find name 'useState'.
src/app/dashboard/sessions/page.tsx(51,41): error TS2304: Cannot find name 'useState'.
src/app/dashboard/sessions/page.tsx(52,45): error TS2304: Cannot find name 'useState'.
src/app/dashboard/sessions/page.tsx(53,51): error TS2304: Cannot find name 'useState'.
src/app/dashboard/sessions/page.tsx(54,43): error TS2304: Cannot find name 'useState'.
src/app/dashboard/sessions/page.tsx(68,41): error TS7006: Parameter 's' implicitly has an 'any' type.
src/app/dashboard/sessions/page.tsx(84,5): error TS2304: Cannot find name 'useEffect'.
src/app/dashboard/sessions/page.tsx(90,25): error TS2304: Cannot find name 'supabase'.
src/app/dashboard/sessions/page.tsx(98,39): error TS7006: Parameter 'prev' implicitly has an 'any' type.
src/app/dashboard/sessions/page.tsx(110,29): error TS2304: Cannot find name 'supabase'.
src/app/dashboard/sessions/page.tsx(118,59): error TS2304: Cannot find name 'supabase'.
src/app/dashboard/sessions/page.tsx(180,55): error TS2304: Cannot find name 'supabase'.
src/app/dashboard/sessions/page.tsx(191,68): error TS2304: Cannot find name 'supabase'.
src/app/dashboard/sessions/page.tsx(219,13): error TS2304: Cannot find name 'supabase'.
src/app/dashboard/sessions/page.tsx(225,46): error TS7006: Parameter 's' implicitly has an 'any' type.
src/app/dashboard/sessions/page.tsx(233,47): error TS7006: Parameter 's' implicitly has an 'any' type.
src/app/dashboard/sessions/page.tsx(243,43): error TS7006: Parameter 'acc' implicitly has an 'any' type.
src/app/dashboard/sessions/page.tsx(243,48): error TS7006: Parameter 'session' implicitly has an 'any' type.
src/app/dashboard/sessions/page.tsx(256,37): error TS2304: Cannot find name 'supabase'.
src/app/dashboard/sessions/page.tsx(259,31): error TS7006: Parameter 'prev' implicitly has an 'any' type.
src/app/dashboard/sessions/page.tsx(289,37): error TS2304: Cannot find name 'supabase'.
src/app/dashboard/sessions/page.tsx(309,31): error TS7006: Parameter 'prev' implicitly has an 'any' type.
src/app/dashboard/sessions/page.tsx(380,18): error TS2304: Cannot find name 'motion'.
src/app/dashboard/sessions/page.tsx(393,19): error TS2304: Cannot find name 'motion'.
src/app/dashboard/sessions/page.tsx(422,30): error TS2304: Cannot find name 'motion'.
src/app/dashboard/sessions/page.tsx(447,31): error TS2304: Cannot find name 'motion'.
src/app/dashboard/sessions/page.tsx(450,89): error TS18046: 's' is of type 'unknown'.
src/app/dashboard/sessions/page.tsx(459,50): error TS2304: Cannot find name 'motion'.
src/app/dashboard/sessions/page.tsx(523,51): error TS2304: Cannot find name 'motion'.
src/app/dashboard/sessions/page.tsx(539,90): error TS18046: 's' is of type 'unknown'.
src/app/dashboard/sessions/page.tsx(637,22): error TS2304: Cannot find name 'motion'.
src/app/dashboard/sessions/page.tsx(688,64): error TS7006: Parameter 'm' implicitly has an 'any' type.
src/app/dashboard/sessions/page.tsx(786,23): error TS2304: Cannot find name 'motion'.
src/app/dashboard/sessions/page.tsx(793,22): error TS2304: Cannot find name 'motion'.
src/app/dashboard/sessions/page.tsx(846,23): error TS2304: Cannot find name 'motion'.
